../Core/Src/main.c:67:10:Modbus_CRC16	24	static
../Core/Src/main.c:89:6:Modbus_ProcessFrame	32	static
../Core/Src/main.c:121:6:Modbus_SendHoldingRegisters	288	static
../Core/Src/main.c:144:6:Reset_Modbus_Timer	8	static
../Core/Src/main.c:156:6:Update_LEDs	8	static
../Core/Src/main.c:171:5:main	8	static
../Core/Src/main.c:221:6:SystemClock_Config	88	static
../Core/Src/main.c:268:13:MX_TIM6_Init	16	static
../Core/Src/main.c:306:13:MX_USART2_UART_Init	8	static
../Core/Src/main.c:339:13:MX_GPIO_Init	40	static
../Core/Src/main.c:369:6:HAL_UART_RxCpltCallback	16	static
../Core/Src/main.c:379:6:HAL_TIM_PeriodElapsedCallback	16	static
../Core/Src/main.c:399:6:Error_Handler	4	static,ignoring_inline_asm
