D:/MECO Tools/Projects/STM32Cube/ModbusRTU/Library/mbrtu.c:81:1:eMBRTUInit	24	static,ignoring_inline_asm
D:/MECO Tools/Projects/STM32Cube/ModbusRTU/Library/mbrtu.c:126:1:eMBRTUStart	8	static,ignoring_inline_asm
D:/MECO Tools/Projects/STM32Cube/ModbusRTU/Library/mbrtu.c:142:1:eMBRTUStop	8	static,ignoring_inline_asm
D:/MECO Tools/Projects/STM32Cube/ModbusRTU/Library/mbrtu.c:151:1:eMBRTUReceive	32	static,ignoring_inline_asm
D:/MECO Tools/Projects/STM32Cube/ModbusRTU/Library/mbrtu.c:191:1:eMBRTUSend	24	static,ignoring_inline_asm
D:/MECO Tools/Projects/STM32Cube/ModbusRTU/Library/mbrtu.c:230:1:xMBRTUReceiveFSM	16	static
D:/MECO Tools/Projects/STM32Cube/ModbusRTU/Library/mbrtu.c:290:1:xMBRTUTransmitFSM	16	static
D:/MECO Tools/Projects/STM32Cube/ModbusRTU/Library/mbrtu.c:328:1:xMBRTUTimerT35Expired	16	static
